// Jest Snapshot v1, https://goo.gl/fbAQLP

exports[`SpamProtectionField renders spam protection field with the given container id 1`] = `
<div
  id="spamProtection"
/>
`;
